INFO:     Will watch for changes in these directories: ['/Users/sumatidhingra/aarambooks']
INFO:     Uvicorn running on http://0.0.0.0:8000 (Press CTRL+C to quit)
INFO:     Started reloader process [96780] using WatchFiles
/Users/sumatidhingra/aarambooks/.venv/lib/python3.11/site-packages/pydantic/_internal/_fields.py:149: UserWarning: Field "model_used" has conflict with protected namespace "model_".

You may be able to resolve this warning by setting `model_config['protected_namespaces'] = ()`.
  warnings.warn(
WARNING:src.azm.provider:AZM persistent provider unavailable (psycopg2 is required to connect to PostgreSQL. Please install psycopg2 or psycopg2-binary.). Falling back to bootstrap.
INFO:     Started server process [96783]
INFO:     Waiting for application startup.
INFO:src.infrastructure.mongo_client:Connecting to MongoDB at mongodb://localhost:27017...
INFO:src.infrastructure.mongo_client:MongoDB connection established successfully.
INFO:     Application startup complete.
[RESOLVER DEBUG] Eval urn:aarambooks:inventory:capability:balance with {'inventory.entity.warehouse', 'inventory.entity.sku', 'inventory.capability.balance'} vs set()
[RESOLVER DEBUG] Eval types {'ENTITY', 'CAPABILITY'} vs {'ENTITY'}
[RESOLVER DEBUG] Eval urn:aarambooks:inventory:capability:ledger with {'inventory.entity.sku', 'inventory.entity.posting_date'} vs set()
[RESOLVER DEBUG] Eval types {'ENTITY', 'CAPABILITY'} vs {'ENTITY'}
[RESOLVER DEBUG] Eval urn:aarambooks:inventory:capability:jobwork_status with {'inventory.entity.jobwork_vendor', 'inventory.entity.sku'} vs set()
[RESOLVER DEBUG] Eval types {'ENTITY', 'CAPABILITY'} vs {'ENTITY'}
[RESOLVER DEBUG] Eval urn:aarambooks:inventory:capability:exception_status with {'inventory.entity.exception_date', 'inventory.entity.sku'} vs set()
[RESOLVER DEBUG] Eval types {'ENTITY', 'CAPABILITY'} vs {'ENTITY'}
[RESOLVER DEBUG] Eval urn:aarambooks:shopdeck:capability:ndr_details with {'ndr.entity.awb', 'shopdeck.event.delivery_exception', 'shopdeck.entity.shipment'} vs set()
[RESOLVER DEBUG] Eval types {'ENTITY'} vs {'ENTITY'}

[ASSEMBLER DEBUG] Resolved provider <src.infrastructure.context_capability_gateway.ContextCapabilityGateway object at 0x10afe9450> for urn:aarambooks:inventory:capability:balance

[GATEWAY DEBUG] Sending to http://localhost:8100/api/v1/context/resolve with payload: {"capability_urn": "urn:aarambooks:inventory:capability:balance", "requirement": {"requirement_id": "96a181f7-e598-4b4a-a208-695df38ff3c7", "original_requirement": {"requirement_id": "96a181f7-e598-4b4a-a208-695df38ff3c7", "necessity": "REQUIRED", "time_range": null, "filters": null, "rationale": "Required for NDR event processing and contextual routing.", "semantic_intent": "Fetch NDR and ShopDeck details for AWB 142285240356604"}, "core_identities": [], "semantic_constraints": [{"identity": "ndr.entity.awb", "constraint_type": "ENTITY", "operator": "EQUALS", "bound_value": null}], "semantic_gaps": []}}
INFO:httpx:HTTP Request: POST http://localhost:8100/api/v1/context/resolve "HTTP/1.1 401 Unauthorized"
[GATEWAY DEBUG] Received status 401: {"success":false,"error":{"code":"UNAUTHORIZED","message":"Invalid or expired token","details":{}}}

[GATEWAY DEBUG] Returning ERROR due to HTTP 401
[ASSEMBLER DEBUG] Result status: ContextRetrievalStatus.ERROR

[ASSEMBLER DEBUG] Resolved provider <src.infrastructure.context_capability_gateway.ContextCapabilityGateway object at 0x10afe9450> for urn:aarambooks:inventory:capability:ledger

[GATEWAY DEBUG] Sending to http://localhost:8100/api/v1/context/resolve with payload: {"capability_urn": "urn:aarambooks:inventory:capability:ledger", "requirement": {"requirement_id": "96a181f7-e598-4b4a-a208-695df38ff3c7", "original_requirement": {"requirement_id": "96a181f7-e598-4b4a-a208-695df38ff3c7", "necessity": "REQUIRED", "time_range": null, "filters": null, "rationale": "Required for NDR event processing and contextual routing.", "semantic_intent": "Fetch NDR and ShopDeck details for AWB 142285240356604"}, "core_identities": [], "semantic_constraints": [{"identity": "ndr.entity.awb", "constraint_type": "ENTITY", "operator": "EQUALS", "bound_value": null}], "semantic_gaps": []}}
INFO:httpx:HTTP Request: POST http://localhost:8100/api/v1/context/resolve "HTTP/1.1 401 Unauthorized"
[GATEWAY DEBUG] Received status 401: {"success":false,"error":{"code":"UNAUTHORIZED","message":"Invalid or expired token","details":{}}}

[GATEWAY DEBUG] Returning ERROR due to HTTP 401
[ASSEMBLER DEBUG] Result status: ContextRetrievalStatus.ERROR

[ASSEMBLER DEBUG] Resolved provider <src.infrastructure.context_capability_gateway.ContextCapabilityGateway object at 0x10afe9450> for urn:aarambooks:inventory:capability:jobwork_status

[GATEWAY DEBUG] Sending to http://localhost:8100/api/v1/context/resolve with payload: {"capability_urn": "urn:aarambooks:inventory:capability:jobwork_status", "requirement": {"requirement_id": "96a181f7-e598-4b4a-a208-695df38ff3c7", "original_requirement": {"requirement_id": "96a181f7-e598-4b4a-a208-695df38ff3c7", "necessity": "REQUIRED", "time_range": null, "filters": null, "rationale": "Required for NDR event processing and contextual routing.", "semantic_intent": "Fetch NDR and ShopDeck details for AWB 142285240356604"}, "core_identities": [], "semantic_constraints": [{"identity": "ndr.entity.awb", "constraint_type": "ENTITY", "operator": "EQUALS", "bound_value": null}], "semantic_gaps": []}}
INFO:httpx:HTTP Request: POST http://localhost:8100/api/v1/context/resolve "HTTP/1.1 401 Unauthorized"
[GATEWAY DEBUG] Received status 401: {"success":false,"error":{"code":"UNAUTHORIZED","message":"Invalid or expired token","details":{}}}

[GATEWAY DEBUG] Returning ERROR due to HTTP 401
[ASSEMBLER DEBUG] Result status: ContextRetrievalStatus.ERROR

[ASSEMBLER DEBUG] Resolved provider <src.infrastructure.context_capability_gateway.ContextCapabilityGateway object at 0x10afe9450> for urn:aarambooks:inventory:capability:exception_status

[GATEWAY DEBUG] Sending to http://localhost:8100/api/v1/context/resolve with payload: {"capability_urn": "urn:aarambooks:inventory:capability:exception_status", "requirement": {"requirement_id": "96a181f7-e598-4b4a-a208-695df38ff3c7", "original_requirement": {"requirement_id": "96a181f7-e598-4b4a-a208-695df38ff3c7", "necessity": "REQUIRED", "time_range": null, "filters": null, "rationale": "Required for NDR event processing and contextual routing.", "semantic_intent": "Fetch NDR and ShopDeck details for AWB 142285240356604"}, "core_identities": [], "semantic_constraints": [{"identity": "ndr.entity.awb", "constraint_type": "ENTITY", "operator": "EQUALS", "bound_value": null}], "semantic_gaps": []}}
INFO:httpx:HTTP Request: POST http://localhost:8100/api/v1/context/resolve "HTTP/1.1 401 Unauthorized"
[GATEWAY DEBUG] Received status 401: {"success":false,"error":{"code":"UNAUTHORIZED","message":"Invalid or expired token","details":{}}}

[GATEWAY DEBUG] Returning ERROR due to HTTP 401
[ASSEMBLER DEBUG] Result status: ContextRetrievalStatus.ERROR

[ASSEMBLER DEBUG] Resolved provider <src.infrastructure.adapters.shopdeck_cem_adapter.ShopdeckCemAdapter object at 0x10aff1050> for urn:aarambooks:shopdeck:capability:ndr_details
INFO:httpx:HTTP Request: POST http://localhost:9000/auth/service-token "HTTP/1.1 200 OK"
INFO:httpx:HTTP Request: GET http://localhost:8200/api/v1/ndr/142285240356604 "HTTP/1.1 200 OK"
DEBUG SHOPDECK CEM EXECUTING for search query Fetch NDR and ShopDeck details for AWB 142285240356604
DEBUG SHOPDECK RES STATUS: BusinessRealityStatus.EVIDENCE_AVAILABLE
[ASSEMBLER DEBUG] Result status: ContextRetrievalStatus.SUCCESS
INFO:src.intelligence_domains.ndr.orchestrator:[NDR-ID] AWB 142285240356604: ACTIVE NDR — reason='Customer unavailable', attempts=1, payment=cod, courier=Unknown
INFO:src.intelligence_domains.ndr.orchestrator:[NDR-ID] AWB 142285240356604: Diagnosed as CUSTOMER_UNAVAILABLE (confidence=0.9)
INFO:src.intelligence_domains.ndr.orchestrator:[NDR-ID] AWB 142285240356604: Strategy=Autonomous Rescheduling | Action=seller_reattempt
INFO:src.intelligence_domains.ndr.communication_engine:[CommunicationEngine] Dispatching action for AWB 142285240356604: suggested_resolution
INFO:httpx:HTTP Request: GET http://localhost:8200/api/v1/ndr/142285240356604 "HTTP/1.1 200 OK"
DEBUG PAYLOAD: {'ndr.entity.awb': '142285240356604'}
DEBUG SHOPDECK CEM EXECUTING for search query Internal CCC Hydration for AWB 142285240356604

[ADAPTER DEBUG] Action Request Data: {'understanding_id': '51404d63-eb79-445e-95af-ac5371788cca', 'original_query': 'Get details for Pure Mulmul Kids Dohar for Babies & Toddlers – Cartoon Car Print', 'intent': <ConversationalIntent.SEARCH: 'SEARCH'>, 'domain': None, 'entities': [{'reference_id': '01e23147-19fd-45b9-834c-9c93a0fa2752', 'original_expression': 'Pure Mulmul Kids Dohar for Babies & Toddlers – Cartoon Car Print', 'source': <InformationSource.EXPLICIT: 'EXPLICIT'>, 'inferred_type': 'product_name'}], 'attributes': [], 'conditions': [], 'parameters': [], 'scope': None, 'relationships': [], 'user_supplied_criteria': [], 'desired_outcome': None}
INFO:httpx:HTTP Request: POST http://localhost:9000/auth/service-token "HTTP/1.1 200 OK"
INFO:httpx:HTTP Request: GET http://localhost:8100/api/v1/masters/skus/by-product-name/Pure%20Mulmul%20Kids%20Dohar%20for%20Babies%20%26%20Toddlers%20%E2%80%93%20Cartoon%20Car%20Print "HTTP/1.1 200 OK"
INFO:httpx:HTTP Request: POST https://api.exotel.com/v1/Accounts/aaramhomes1/Calls/connect.json "HTTP/1.1 200 OK"
INFO:     127.0.0.1:56846 - "POST /events/ndr HTTP/1.1" 200 OK
[ExotelSessionStart] payload={'account_id': 'aaramhomes1', 'session_id': 'dbf50280-2edb-498a-9081-6dd03917391b', 'conversation_id': '6431f0fd-60c8-4ed6-9118-de1b60693611', 'start_time': '2026-09-07T13:18:38.761809+00:00', 'external_id': '0da7ae75bca89184df1901c96c641a97', 'session_state': 'session_start', 'contact_uri': '08168583367', 'landing_number': '09513886363', 'network_type': 'pstn', 'bot_id': 'ba6e0717-e908-4a3d-8244-82f2ab42918e', 'bot_name': 'SUNEHRI', 'metadata': {'call_sid': '', 'stream_sid': '', 'leg_sid': '', 'repeated_call_count': 0, 'repeated_call_look_back_interval': 20, 'repeated_call_timestamps': []}, 'custom_parameters': {'8556736b-c1f4-4d94-a7a8-8c276390a2be|act_da46d8dc': ''}} query={}
INFO:     35.154.174.161:0 - "POST /api/customer-engagement/voice/exotel/session-start HTTP/1.1" 200 OK
INFO:     35.154.174.161:0 - "POST /api/customer-engagement/voice/exotel/transcript HTTP/1.1" 200 OK
INFO:     35.154.174.161:0 - "POST /api/customer-engagement/voice/exotel/transcript HTTP/1.1" 200 OK
INFO:     35.154.174.161:0 - "POST /api/customer-engagement/voice/exotel/transcript HTTP/1.1" 200 OK
INFO:     35.154.174.161:0 - "POST /api/customer-engagement/voice/exotel/transcript HTTP/1.1" 200 OK
INFO:     35.154.174.161:0 - "POST /api/customer-engagement/voice/exotel/transcript HTTP/1.1" 200 OK
INFO:     35.154.174.161:0 - "POST /api/customer-engagement/voice/exotel/transcript HTTP/1.1" 200 OK
INFO:     35.154.174.161:0 - "POST /api/customer-engagement/voice/exotel/transcript HTTP/1.1" 200 OK
INFO:     35.154.174.161:0 - "POST /api/customer-engagement/voice/exotel/transcript HTTP/1.1" 200 OK
INFO:     35.154.174.161:0 - "POST /api/customer-engagement/voice/exotel/transcript HTTP/1.1" 200 OK
INFO:     35.154.174.161:0 - "POST /api/customer-engagement/voice/exotel/transcript HTTP/1.1" 200 OK
INFO:     35.154.174.161:0 - "POST /api/customer-engagement/voice/exotel/transcript HTTP/1.1" 200 OK
INFO:     35.154.174.161:0 - "POST /api/customer-engagement/voice/exotel/transcript HTTP/1.1" 200 OK
INFO:     35.154.174.161:0 - "POST /api/customer-engagement/voice/exotel/transcript HTTP/1.1" 200 OK
INFO:     35.154.174.161:0 - "POST /api/customer-engagement/voice/exotel/transcript HTTP/1.1" 200 OK
INFO:     35.154.174.161:0 - "POST /api/customer-engagement/voice/exotel/transcript HTTP/1.1" 200 OK
INFO:     35.154.174.161:0 - "POST /api/customer-engagement/voice/exotel/transcript HTTP/1.1" 200 OK
INFO:     35.154.174.161:0 - "POST /api/customer-engagement/voice/exotel/transcript HTTP/1.1" 200 OK
INFO:     35.154.174.161:0 - "POST /api/customer-engagement/voice/exotel/transcript HTTP/1.1" 200 OK
INFO:     35.154.174.161:0 - "POST /api/customer-engagement/voice/exotel/transcript HTTP/1.1" 200 OK
INFO:     35.154.174.161:0 - "POST /api/customer-engagement/voice/exotel/transcript HTTP/1.1" 200 OK
INFO:     35.154.174.161:0 - "POST /api/customer-engagement/voice/exotel/transcript HTTP/1.1" 200 OK
INFO:     35.154.174.161:0 - "POST /api/customer-engagement/voice/exotel/transcript HTTP/1.1" 200 OK
INFO:     35.154.174.161:0 - "POST /api/customer-engagement/voice/exotel/transcript HTTP/1.1" 200 OK
INFO:     35.154.174.161:0 - "POST /api/customer-engagement/voice/exotel/transcript HTTP/1.1" 200 OK
INFO:     35.154.174.161:0 - "POST /api/customer-engagement/voice/exotel/transcript HTTP/1.1" 200 OK
INFO:     35.154.174.161:0 - "POST /api/customer-engagement/voice/exotel/transcript HTTP/1.1" 200 OK
INFO:     35.154.174.161:0 - "POST /api/customer-engagement/voice/exotel/transcript HTTP/1.1" 200 OK
INFO:     35.154.174.161:0 - "POST /api/customer-engagement/voice/exotel/transcript HTTP/1.1" 200 OK
INFO:     35.154.174.161:0 - "POST /api/customer-engagement/voice/exotel/transcript HTTP/1.1" 200 OK
INFO:     35.154.174.161:0 - "POST /api/customer-engagement/voice/exotel/transcript HTTP/1.1" 200 OK
INFO:     35.154.174.161:0 - "POST /api/customer-engagement/voice/exotel/transcript HTTP/1.1" 200 OK
INFO:     35.154.174.161:0 - "POST /api/customer-engagement/voice/exotel/transcript HTTP/1.1" 200 OK
INFO:     35.154.174.161:0 - "POST /api/customer-engagement/voice/exotel/transcript HTTP/1.1" 200 OK
INFO:     35.154.174.161:0 - "POST /api/customer-engagement/voice/exotel/transcript HTTP/1.1" 200 OK
INFO:     35.154.174.161:0 - "POST /api/customer-engagement/voice/exotel/transcript HTTP/1.1" 200 OK
INFO:     35.154.174.161:0 - "POST /api/customer-engagement/voice/exotel/transcript HTTP/1.1" 200 OK
INFO:     35.154.174.161:0 - "POST /api/customer-engagement/voice/exotel/transcript HTTP/1.1" 200 OK
INFO:     35.154.174.161:0 - "POST /api/customer-engagement/voice/exotel/transcript HTTP/1.1" 200 OK
INFO:     35.154.174.161:0 - "POST /api/customer-engagement/voice/exotel/transcript HTTP/1.1" 200 OK
INFO:     35.154.174.161:0 - "POST /api/customer-engagement/voice/exotel/transcript HTTP/1.1" 200 OK
INFO:     35.154.174.161:0 - "POST /api/customer-engagement/voice/exotel/transcript HTTP/1.1" 200 OK
INFO:     35.154.174.161:0 - "POST /api/customer-engagement/voice/exotel/transcript HTTP/1.1" 200 OK
INFO:     35.154.174.161:0 - "POST /api/customer-engagement/voice/exotel/transcript HTTP/1.1" 200 OK
INFO:     35.154.174.161:0 - "POST /api/customer-engagement/voice/exotel/transcript HTTP/1.1" 200 OK
INFO:     35.154.174.161:0 - "POST /api/customer-engagement/voice/exotel/transcript HTTP/1.1" 200 OK
INFO:     35.154.174.161:0 - "POST /api/customer-engagement/voice/exotel/transcript HTTP/1.1" 200 OK
INFO:     35.154.174.161:0 - "POST /api/customer-engagement/voice/exotel/transcript HTTP/1.1" 200 OK
INFO:     35.154.174.161:0 - "POST /api/customer-engagement/voice/exotel/transcript HTTP/1.1" 200 OK
INFO:     35.154.174.161:0 - "POST /api/customer-engagement/voice/exotel/transcript HTTP/1.1" 200 OK
INFO:     35.154.174.161:0 - "POST /api/customer-engagement/voice/exotel/transcript HTTP/1.1" 200 OK
INFO:     35.154.174.161:0 - "POST /api/customer-engagement/voice/exotel/transcript HTTP/1.1" 200 OK
INFO:     35.154.174.161:0 - "POST /api/customer-engagement/voice/exotel/transcript HTTP/1.1" 200 OK
INFO:     35.154.174.161:0 - "POST /api/customer-engagement/voice/exotel/transcript HTTP/1.1" 200 OK
INFO:     35.154.174.161:0 - "POST /api/customer-engagement/voice/exotel/transcript HTTP/1.1" 200 OK
INFO:     35.154.174.161:0 - "POST /api/customer-engagement/voice/exotel/transcript HTTP/1.1" 200 OK
INFO:     35.154.174.161:0 - "POST /api/customer-engagement/voice/exotel/transcript HTTP/1.1" 200 OK
INFO:     35.154.174.161:0 - "POST /api/customer-engagement/voice/exotel/transcript HTTP/1.1" 200 OK
INFO:     35.154.174.161:0 - "POST /api/customer-engagement/voice/exotel/transcript HTTP/1.1" 200 OK
INFO:     35.154.174.161:0 - "POST /api/customer-engagement/voice/exotel/transcript HTTP/1.1" 200 OK
INFO:     35.154.174.161:0 - "POST /api/customer-engagement/voice/exotel/session-end HTTP/1.1" 200 OK
WARNING:  WatchFiles detected changes in 'fetch_transcript.py'. Reloading...
INFO:     Shutting down
INFO:     Waiting for application shutdown.
INFO:src.infrastructure.mongo_client:MongoDB connection closed.
INFO:     Application shutdown complete.
INFO:     Finished server process [96783]
/Users/sumatidhingra/aarambooks/.venv/lib/python3.11/site-packages/pydantic/_internal/_fields.py:149: UserWarning: Field "model_used" has conflict with protected namespace "model_".

You may be able to resolve this warning by setting `model_config['protected_namespaces'] = ()`.
  warnings.warn(
WARNING:src.azm.provider:AZM persistent provider unavailable (psycopg2 is required to connect to PostgreSQL. Please install psycopg2 or psycopg2-binary.). Falling back to bootstrap.
INFO:     Started server process [97746]
INFO:     Waiting for application startup.
INFO:src.infrastructure.mongo_client:Connecting to MongoDB at mongodb://localhost:27017...
INFO:src.infrastructure.mongo_client:MongoDB connection established successfully.
INFO:     Application startup complete.
WARNING:  WatchFiles detected changes in 'business_systems/shopdeck/backend/shopdeck/mcp_auth.py', 'business_systems/shopdeck/api/dependencies.py', 'business_systems/shopdeck/config.py', 'business_systems/shopdeck/inspect_mcp_sku.py', 'business_systems/shopdeck/backend/shopdeck/config.py', 'business_systems/shopdeck/backend/sync/sync_shopdeck_mcp_data.py', 'business_systems/shopdeck/mcp_client.py', 'business_systems/shopdeck/backend/shopdeck/mcp_client.py', 'business_systems/shopdeck/backend/scripts/check_mcp_ndrs.py', 'business_systems/shopdeck/backend/api/main.py', 'business_systems/shopdeck/backend/api/routers/ndr.py', 'business_systems/shopdeck/backend/scripts/build_sku_name_map.py', 'business_systems/shopdeck/api/main.py', 'business_systems/shopdeck/check_mcp_ndrs.py', 'business_systems/shopdeck/backend/scripts/inspect_mcp_sku.py', 'business_systems/shopdeck/backend/scripts/reset_cp.py', 'business_systems/shopdeck/backend/scripts/check_mcp_ndrs_daterange.py', 'business_systems/shopdeck/backend/api/auth.py', 'business_systems/shopdeck/backend/api/routers/events.py', 'business_systems/shopdeck/build_sku_name_map.py', 'business_systems/shopdeck/check_mcp_ndrs_daterange.py', 'business_systems/shopdeck/api/auth.py', 'business_systems/shopdeck/reset_cp.py', 'business_systems/shopdeck/backend/scripts/probe_mcp_fields.py', 'business_systems/shopdeck/sync_shopdeck_mcp_data.py', 'business_systems/shopdeck/backend/api/dependencies.py', 'business_systems/shopdeck/backend/api/routers/customers.py', 'business_systems/shopdeck/backend/api/routers/system.py', 'business_systems/shopdeck/mcp_auth.py', 'business_systems/shopdeck/backend/api/routers/orders.py', 'business_systems/shopdeck/probe_mcp_fields.py'. Reloading...
INFO:     Shutting down
INFO:     Waiting for application shutdown.
INFO:src.infrastructure.mongo_client:MongoDB connection closed.
INFO:     Application shutdown complete.
INFO:     Finished server process [97746]
/Users/sumatidhingra/aarambooks/.venv/lib/python3.11/site-packages/pydantic/_internal/_fields.py:149: UserWarning: Field "model_used" has conflict with protected namespace "model_".

You may be able to resolve this warning by setting `model_config['protected_namespaces'] = ()`.
  warnings.warn(
WARNING:src.azm.provider:AZM persistent provider unavailable (psycopg2 is required to connect to PostgreSQL. Please install psycopg2 or psycopg2-binary.). Falling back to bootstrap.
INFO:     Started server process [98807]
INFO:     Waiting for application startup.
INFO:src.infrastructure.mongo_client:Connecting to MongoDB at mongodb://localhost:27017...
INFO:src.infrastructure.mongo_client:MongoDB connection established successfully.
INFO:     Application startup complete.
WARNING:  WatchFiles detected changes in 'business_systems/shopdeck/backend/api/tests/test_auth.py', 'business_systems/shopdeck/backend/shopdeck/mcp_auth.py', 'business_systems/shopdeck/backend/api/repositories/ndr.py', 'business_systems/shopdeck/backend/api/schemas/system.py', 'business_systems/shopdeck/backend/shopdeck/config.py', 'business_systems/shopdeck/backend/sync/sync_shopdeck_mcp_data.py', 'business_systems/shopdeck/backend/shopdeck/mcp_client.py', 'business_systems/shopdeck/backend/scripts/check_mcp_ndrs.py', 'business_systems/shopdeck/backend/api/main.py', 'business_systems/shopdeck/backend/api/routers/ndr.py', 'business_systems/shopdeck/backend/api/tests/test_endpoints.py', 'business_systems/shopdeck/backend/scripts/build_sku_name_map.py', 'business_systems/shopdeck/backend/api/tests/test_api.py', 'business_systems/shopdeck/backend/scripts/inspect_mcp_sku.py', 'business_systems/shopdeck/backend/scripts/reset_cp.py', 'business_systems/shopdeck/backend/scripts/check_mcp_ndrs_daterange.py', 'business_systems/shopdeck/backend/api/services/ndr.py', 'business_systems/shopdeck/backend/api/auth.py', 'business_systems/shopdeck/backend/api/schemas/ndr.py', 'business_systems/shopdeck/backend/api/routers/events.py', 'business_systems/shopdeck/backend/api/schemas/common.py', 'business_systems/shopdeck/backend/scripts/probe_mcp_fields.py', 'business_systems/shopdeck/backend/api/dependencies.py', 'business_systems/shopdeck/backend/api/routers/customers.py', 'business_systems/shopdeck/backend/api/routers/system.py', 'business_systems/shopdeck/backend/api/routers/orders.py'. Reloading...
INFO:     Shutting down
INFO:     Waiting for application shutdown.
INFO:src.infrastructure.mongo_client:MongoDB connection closed.
INFO:     Application shutdown complete.
INFO:     Finished server process [98807]
/Users/sumatidhingra/aarambooks/.venv/lib/python3.11/site-packages/pydantic/_internal/_fields.py:149: UserWarning: Field "model_used" has conflict with protected namespace "model_".

You may be able to resolve this warning by setting `model_config['protected_namespaces'] = ()`.
  warnings.warn(
WARNING:src.azm.provider:AZM persistent provider unavailable (psycopg2 is required to connect to PostgreSQL. Please install psycopg2 or psycopg2-binary.). Falling back to bootstrap.
INFO:     Started server process [98882]
INFO:     Waiting for application startup.
INFO:src.infrastructure.mongo_client:Connecting to MongoDB at mongodb://localhost:27017...
INFO:src.infrastructure.mongo_client:MongoDB connection established successfully.
INFO:     Application startup complete.
WARNING:  WatchFiles detected changes in 'business_systems/shopdeck/backend/api/routers/system.py'. Reloading...
INFO:     Shutting down
INFO:     Waiting for application shutdown.
INFO:src.infrastructure.mongo_client:MongoDB connection closed.
INFO:     Application shutdown complete.
INFO:     Finished server process [98882]
/Users/sumatidhingra/aarambooks/.venv/lib/python3.11/site-packages/pydantic/_internal/_fields.py:149: UserWarning: Field "model_used" has conflict with protected namespace "model_".

You may be able to resolve this warning by setting `model_config['protected_namespaces'] = ()`.
  warnings.warn(
WARNING:src.azm.provider:AZM persistent provider unavailable (psycopg2 is required to connect to PostgreSQL. Please install psycopg2 or psycopg2-binary.). Falling back to bootstrap.
INFO:     Started server process [98908]
INFO:     Waiting for application startup.
INFO:src.infrastructure.mongo_client:Connecting to MongoDB at mongodb://localhost:27017...
INFO:src.infrastructure.mongo_client:MongoDB connection established successfully.
INFO:     Application startup complete.
WARNING:  WatchFiles detected changes in 'business_systems/shopdeck/backend/scripts/reset_cp.py'. Reloading...
INFO:     Shutting down
INFO:     Waiting for application shutdown.
INFO:src.infrastructure.mongo_client:MongoDB connection closed.
INFO:     Application shutdown complete.
INFO:     Finished server process [98908]
/Users/sumatidhingra/aarambooks/.venv/lib/python3.11/site-packages/pydantic/_internal/_fields.py:149: UserWarning: Field "model_used" has conflict with protected namespace "model_".

You may be able to resolve this warning by setting `model_config['protected_namespaces'] = ()`.
  warnings.warn(
WARNING:src.azm.provider:AZM persistent provider unavailable (psycopg2 is required to connect to PostgreSQL. Please install psycopg2 or psycopg2-binary.). Falling back to bootstrap.
INFO:     Started server process [99148]
INFO:     Waiting for application startup.
INFO:src.infrastructure.mongo_client:Connecting to MongoDB at mongodb://localhost:27017...
INFO:src.infrastructure.mongo_client:MongoDB connection established successfully.
INFO:     Application startup complete.
WARNING:  WatchFiles detected changes in 'business_systems/shopdeck/backend/scripts/build_sku_name_map.py'. Reloading...
INFO:     Shutting down
INFO:     Waiting for application shutdown.
INFO:src.infrastructure.mongo_client:MongoDB connection closed.
INFO:     Application shutdown complete.
INFO:     Finished server process [99148]
/Users/sumatidhingra/aarambooks/.venv/lib/python3.11/site-packages/pydantic/_internal/_fields.py:149: UserWarning: Field "model_used" has conflict with protected namespace "model_".

You may be able to resolve this warning by setting `model_config['protected_namespaces'] = ()`.
  warnings.warn(
WARNING:src.azm.provider:AZM persistent provider unavailable (psycopg2 is required to connect to PostgreSQL. Please install psycopg2 or psycopg2-binary.). Falling back to bootstrap.
INFO:     Started server process [99175]
INFO:     Waiting for application startup.
INFO:src.infrastructure.mongo_client:Connecting to MongoDB at mongodb://localhost:27017...
INFO:src.infrastructure.mongo_client:MongoDB connection established successfully.
INFO:     Application startup complete.
WARNING:  WatchFiles detected changes in 'business_systems/shopdeck/backend/sync/sync_shopdeck_mcp_data.py'. Reloading...
INFO:     Shutting down
INFO:     Waiting for application shutdown.
INFO:src.infrastructure.mongo_client:MongoDB connection closed.
INFO:     Application shutdown complete.
INFO:     Finished server process [99175]
/Users/sumatidhingra/aarambooks/.venv/lib/python3.11/site-packages/pydantic/_internal/_fields.py:149: UserWarning: Field "model_used" has conflict with protected namespace "model_".

You may be able to resolve this warning by setting `model_config['protected_namespaces'] = ()`.
  warnings.warn(
WARNING:src.azm.provider:AZM persistent provider unavailable (psycopg2 is required to connect to PostgreSQL. Please install psycopg2 or psycopg2-binary.). Falling back to bootstrap.
INFO:     Started server process [99236]
INFO:     Waiting for application startup.
INFO:src.infrastructure.mongo_client:Connecting to MongoDB at mongodb://localhost:27017...
INFO:src.infrastructure.mongo_client:MongoDB connection established successfully.
INFO:     Application startup complete.
WARNING:  WatchFiles detected changes in 'src/infrastructure/adapters/inventory_cem_adapter.py'. Reloading...
INFO:     Shutting down
INFO:     Waiting for application shutdown.
INFO:src.infrastructure.mongo_client:MongoDB connection closed.
INFO:     Application shutdown complete.
INFO:     Finished server process [99236]
/Users/sumatidhingra/aarambooks/.venv/lib/python3.11/site-packages/pydantic/_internal/_fields.py:149: UserWarning: Field "model_used" has conflict with protected namespace "model_".

You may be able to resolve this warning by setting `model_config['protected_namespaces'] = ()`.
  warnings.warn(
WARNING:src.azm.provider:AZM persistent provider unavailable (psycopg2 is required to connect to PostgreSQL. Please install psycopg2 or psycopg2-binary.). Falling back to bootstrap.
INFO:     Started server process [99278]
INFO:     Waiting for application startup.
INFO:src.infrastructure.mongo_client:Connecting to MongoDB at mongodb://localhost:27017...
INFO:src.infrastructure.mongo_client:MongoDB connection established successfully.
INFO:     Application startup complete.
WARNING:  WatchFiles detected changes in 'src/api/webhooks/exotel_webhooks.py'. Reloading...
INFO:     Shutting down
INFO:     Waiting for application shutdown.
INFO:src.infrastructure.mongo_client:MongoDB connection closed.
INFO:     Application shutdown complete.
INFO:     Finished server process [99278]
WARNING:  WatchFiles detected changes in 'business_systems/shopdeck/backend/api/auth.py'. Reloading...
/Users/sumatidhingra/aarambooks/.venv/lib/python3.11/site-packages/pydantic/_internal/_fields.py:149: UserWarning: Field "model_used" has conflict with protected namespace "model_".

You may be able to resolve this warning by setting `model_config['protected_namespaces'] = ()`.
  warnings.warn(
WARNING:src.azm.provider:AZM persistent provider unavailable (psycopg2 is required to connect to PostgreSQL. Please install psycopg2 or psycopg2-binary.). Falling back to bootstrap.
INFO:     Started server process [99321]
INFO:     Waiting for application startup.
INFO:src.infrastructure.mongo_client:Connecting to MongoDB at mongodb://localhost:27017...
INFO:src.infrastructure.mongo_client:MongoDB connection established successfully.
INFO:     Application startup complete.
WARNING:  WatchFiles detected changes in 'src/brain_core/context_engine/ccc_contracts.py'. Reloading...
INFO:     Shutting down
INFO:     Waiting for application shutdown.
INFO:src.infrastructure.mongo_client:MongoDB connection closed.
INFO:     Application shutdown complete.
INFO:     Finished server process [99321]
/Users/sumatidhingra/aarambooks/.venv/lib/python3.11/site-packages/pydantic/_internal/_fields.py:149: UserWarning: Field "model_used" has conflict with protected namespace "model_".

You may be able to resolve this warning by setting `model_config['protected_namespaces'] = ()`.
  warnings.warn(
WARNING:src.azm.provider:AZM persistent provider unavailable (psycopg2 is required to connect to PostgreSQL. Please install psycopg2 or psycopg2-binary.). Falling back to bootstrap.
INFO:     Started server process [1753]
INFO:     Waiting for application startup.
INFO:src.infrastructure.mongo_client:Connecting to MongoDB at mongodb://localhost:27017...
INFO:src.infrastructure.mongo_client:MongoDB connection established successfully.
INFO:     Application startup complete.
WARNING:  WatchFiles detected changes in 'src/brain_core/context_engine/ccc_builder.py'. Reloading...
INFO:     Shutting down
INFO:     Waiting for application shutdown.
INFO:src.infrastructure.mongo_client:MongoDB connection closed.
INFO:     Application shutdown complete.
INFO:     Finished server process [1753]
/Users/sumatidhingra/aarambooks/.venv/lib/python3.11/site-packages/pydantic/_internal/_fields.py:149: UserWarning: Field "model_used" has conflict with protected namespace "model_".

You may be able to resolve this warning by setting `model_config['protected_namespaces'] = ()`.
  warnings.warn(
WARNING:src.azm.provider:AZM persistent provider unavailable (psycopg2 is required to connect to PostgreSQL. Please install psycopg2 or psycopg2-binary.). Falling back to bootstrap.
INFO:     Started server process [1778]
INFO:     Waiting for application startup.
INFO:src.infrastructure.mongo_client:Connecting to MongoDB at mongodb://localhost:27017...
INFO:src.infrastructure.mongo_client:MongoDB connection established successfully.
INFO:     Application startup complete.
WARNING:  WatchFiles detected changes in 'src/api/webhooks/exotel_webhooks.py'. Reloading...
INFO:     Shutting down
INFO:     Waiting for application shutdown.
INFO:src.infrastructure.mongo_client:MongoDB connection closed.
INFO:     Application shutdown complete.
INFO:     Finished server process [1778]
/Users/sumatidhingra/aarambooks/.venv/lib/python3.11/site-packages/pydantic/_internal/_fields.py:149: UserWarning: Field "model_used" has conflict with protected namespace "model_".

You may be able to resolve this warning by setting `model_config['protected_namespaces'] = ()`.
  warnings.warn(
WARNING:src.azm.provider:AZM persistent provider unavailable (psycopg2 is required to connect to PostgreSQL. Please install psycopg2 or psycopg2-binary.). Falling back to bootstrap.
INFO:     Started server process [1795]
INFO:     Waiting for application startup.
INFO:src.infrastructure.mongo_client:Connecting to MongoDB at mongodb://localhost:27017...
INFO:src.infrastructure.mongo_client:MongoDB connection established successfully.
INFO:     Application startup complete.
WARNING:  WatchFiles detected changes in 'business_systems/catalog/tests/test_lifecycle.py', 'business_systems/catalog/tests/test_boundary.py', 'business_systems/catalog/tests/conftest.py', 'business_systems/catalog/tests/test_domain_models.py', 'business_systems/catalog/service.py', 'business_systems/catalog/shopdeck_adapter.py', 'business_systems/catalog/tests/__init__.py', 'business_systems/catalog/config.py', 'business_systems/catalog/tests/test_public_views.py', 'business_systems/catalog/tests/test_idempotency.py', 'business_systems/catalog/tests/test_identity.py', 'business_systems/catalog/tests/test_negative_cases.py', 'business_systems/catalog/__init__.py', 'business_systems/catalog/tests/test_shopdeck_adapter.py', 'business_systems/catalog/tests/test_database_schema.py', 'business_systems/catalog/models.py', 'business_systems/catalog/validation.py', 'business_systems/catalog/tests/test_end_to_end.py', 'business_systems/catalog/tests/test_validation.py'. Reloading...
INFO:     Shutting down
INFO:     Waiting for application shutdown.
INFO:src.infrastructure.mongo_client:MongoDB connection closed.
INFO:     Application shutdown complete.
INFO:     Finished server process [1795]
/Users/sumatidhingra/aarambooks/.venv/lib/python3.11/site-packages/pydantic/_internal/_fields.py:149: UserWarning: Field "model_used" has conflict with protected namespace "model_".

You may be able to resolve this warning by setting `model_config['protected_namespaces'] = ()`.
  warnings.warn(
WARNING:src.azm.provider:AZM persistent provider unavailable (psycopg2 is required to connect to PostgreSQL. Please install psycopg2 or psycopg2-binary.). Falling back to bootstrap.
INFO:     Started server process [2504]
INFO:     Waiting for application startup.
INFO:src.infrastructure.mongo_client:Connecting to MongoDB at mongodb://localhost:27017...
INFO:src.infrastructure.mongo_client:MongoDB connection established successfully.
INFO:     Application startup complete.
WARNING:  WatchFiles detected changes in 'test_api.py'. Reloading...
INFO:     Shutting down
INFO:     Waiting for application shutdown.
INFO:src.infrastructure.mongo_client:MongoDB connection closed.
INFO:     Application shutdown complete.
INFO:     Finished server process [2504]
/Users/sumatidhingra/aarambooks/.venv/lib/python3.11/site-packages/pydantic/_internal/_fields.py:149: UserWarning: Field "model_used" has conflict with protected namespace "model_".

You may be able to resolve this warning by setting `model_config['protected_namespaces'] = ()`.
  warnings.warn(
WARNING:src.azm.provider:AZM persistent provider unavailable (psycopg2 is required to connect to PostgreSQL. Please install psycopg2 or psycopg2-binary.). Falling back to bootstrap.
INFO:     Started server process [2669]
INFO:     Waiting for application startup.
INFO:src.infrastructure.mongo_client:Connecting to MongoDB at mongodb://localhost:27017...
INFO:src.infrastructure.mongo_client:MongoDB connection established successfully.
INFO:     Application startup complete.
WARNING:  WatchFiles detected changes in 'src/api/webhooks/exotel_webhooks.py'. Reloading...
INFO:     Shutting down
INFO:     Waiting for application shutdown.
INFO:src.infrastructure.mongo_client:MongoDB connection closed.
INFO:     Application shutdown complete.
INFO:     Finished server process [2669]
/Users/sumatidhingra/aarambooks/.venv/lib/python3.11/site-packages/pydantic/_internal/_fields.py:149: UserWarning: Field "model_used" has conflict with protected namespace "model_".

You may be able to resolve this warning by setting `model_config['protected_namespaces'] = ()`.
  warnings.warn(
WARNING:src.azm.provider:AZM persistent provider unavailable (psycopg2 is required to connect to PostgreSQL. Please install psycopg2 or psycopg2-binary.). Falling back to bootstrap.
INFO:     Started server process [3659]
INFO:     Waiting for application startup.
INFO:src.infrastructure.mongo_client:Connecting to MongoDB at mongodb://localhost:27017...
INFO:src.infrastructure.mongo_client:MongoDB connection established successfully.
INFO:     Application startup complete.
WARNING:  WatchFiles detected changes in 'src/api/webhooks/exotel_webhooks.py'. Reloading...
INFO:     Shutting down
INFO:     Waiting for application shutdown.
INFO:src.infrastructure.mongo_client:MongoDB connection closed.
INFO:     Application shutdown complete.
INFO:     Finished server process [3659]
/Users/sumatidhingra/aarambooks/.venv/lib/python3.11/site-packages/pydantic/_internal/_fields.py:149: UserWarning: Field "model_used" has conflict with protected namespace "model_".

You may be able to resolve this warning by setting `model_config['protected_namespaces'] = ()`.
  warnings.warn(
WARNING:src.azm.provider:AZM persistent provider unavailable (psycopg2 is required to connect to PostgreSQL. Please install psycopg2 or psycopg2-binary.). Falling back to bootstrap.
INFO:     Started server process [3675]
INFO:     Waiting for application startup.
INFO:src.infrastructure.mongo_client:Connecting to MongoDB at mongodb://localhost:27017...
INFO:src.infrastructure.mongo_client:MongoDB connection established successfully.
INFO:     Application startup complete.
WARNING:  WatchFiles detected changes in 'tests/api/webhooks/test_dynamic_greeting.py'. Reloading...
INFO:     Shutting down
INFO:     Waiting for application shutdown.
INFO:src.infrastructure.mongo_client:MongoDB connection closed.
INFO:     Application shutdown complete.
INFO:     Finished server process [3675]
/Users/sumatidhingra/aarambooks/.venv/lib/python3.11/site-packages/pydantic/_internal/_fields.py:149: UserWarning: Field "model_used" has conflict with protected namespace "model_".

You may be able to resolve this warning by setting `model_config['protected_namespaces'] = ()`.
  warnings.warn(
WARNING:src.azm.provider:AZM persistent provider unavailable (psycopg2 is required to connect to PostgreSQL. Please install psycopg2 or psycopg2-binary.). Falling back to bootstrap.
INFO:     Started server process [3709]
INFO:     Waiting for application startup.
INFO:src.infrastructure.mongo_client:Connecting to MongoDB at mongodb://localhost:27017...
INFO:src.infrastructure.mongo_client:MongoDB connection established successfully.
INFO:     Application startup complete.
WARNING:  WatchFiles detected changes in 'scratch/zero_loss_verify.py'. Reloading...
INFO:     Shutting down
INFO:     Waiting for application shutdown.
INFO:src.infrastructure.mongo_client:MongoDB connection closed.
INFO:     Application shutdown complete.
INFO:     Finished server process [3709]
/Users/sumatidhingra/aarambooks/.venv/lib/python3.11/site-packages/pydantic/_internal/_fields.py:149: UserWarning: Field "model_used" has conflict with protected namespace "model_".

You may be able to resolve this warning by setting `model_config['protected_namespaces'] = ()`.
  warnings.warn(
WARNING:src.azm.provider:AZM persistent provider unavailable (psycopg2 is required to connect to PostgreSQL. Please install psycopg2 or psycopg2-binary.). Falling back to bootstrap.
INFO:     Started server process [4621]
INFO:     Waiting for application startup.
INFO:src.infrastructure.mongo_client:Connecting to MongoDB at mongodb://localhost:27017...
INFO:src.infrastructure.mongo_client:MongoDB connection established successfully.
INFO:     Application startup complete.
WARNING:  WatchFiles detected changes in 'scratch/zero_loss_verify.py'. Reloading...
INFO:     Shutting down
INFO:     Waiting for application shutdown.
INFO:src.infrastructure.mongo_client:MongoDB connection closed.
INFO:     Application shutdown complete.
INFO:     Finished server process [4621]
/Users/sumatidhingra/aarambooks/.venv/lib/python3.11/site-packages/pydantic/_internal/_fields.py:149: UserWarning: Field "model_used" has conflict with protected namespace "model_".

You may be able to resolve this warning by setting `model_config['protected_namespaces'] = ()`.
  warnings.warn(
WARNING:src.azm.provider:AZM persistent provider unavailable (psycopg2 is required to connect to PostgreSQL. Please install psycopg2 or psycopg2-binary.). Falling back to bootstrap.
INFO:     Started server process [4722]
INFO:     Waiting for application startup.
INFO:src.infrastructure.mongo_client:Connecting to MongoDB at mongodb://localhost:27017...
INFO:src.infrastructure.mongo_client:MongoDB connection established successfully.
INFO:     Application startup complete.
WARNING:  WatchFiles detected changes in 'src/brain_core/context_engine/ccc_contracts.py'. Reloading...
INFO:     Shutting down
INFO:     Waiting for application shutdown.
INFO:src.infrastructure.mongo_client:MongoDB connection closed.
INFO:     Application shutdown complete.
INFO:     Finished server process [4722]
/Users/sumatidhingra/aarambooks/.venv/lib/python3.11/site-packages/pydantic/_internal/_fields.py:149: UserWarning: Field "model_used" has conflict with protected namespace "model_".

You may be able to resolve this warning by setting `model_config['protected_namespaces'] = ()`.
  warnings.warn(
WARNING:src.azm.provider:AZM persistent provider unavailable (psycopg2 is required to connect to PostgreSQL. Please install psycopg2 or psycopg2-binary.). Falling back to bootstrap.
INFO:     Started server process [5100]
INFO:     Waiting for application startup.
INFO:src.infrastructure.mongo_client:Connecting to MongoDB at mongodb://localhost:27017...
INFO:src.infrastructure.mongo_client:MongoDB connection established successfully.
INFO:     Application startup complete.
WARNING:  WatchFiles detected changes in 'src/brain_core/context_engine/ccc_contracts.py'. Reloading...
INFO:     Shutting down
INFO:     Waiting for application shutdown.
INFO:src.infrastructure.mongo_client:MongoDB connection closed.
INFO:     Application shutdown complete.
INFO:     Finished server process [5100]
/Users/sumatidhingra/aarambooks/.venv/lib/python3.11/site-packages/pydantic/_internal/_fields.py:149: UserWarning: Field "model_used" has conflict with protected namespace "model_".

You may be able to resolve this warning by setting `model_config['protected_namespaces'] = ()`.
  warnings.warn(
WARNING:src.azm.provider:AZM persistent provider unavailable (psycopg2 is required to connect to PostgreSQL. Please install psycopg2 or psycopg2-binary.). Falling back to bootstrap.
INFO:     Started server process [5121]
INFO:     Waiting for application startup.
INFO:src.infrastructure.mongo_client:Connecting to MongoDB at mongodb://localhost:27017...
INFO:src.infrastructure.mongo_client:MongoDB connection established successfully.
INFO:     Application startup complete.
WARNING:  WatchFiles detected changes in 'src/brain_core/context_engine/ccc_builder.py'. Reloading...
INFO:     Shutting down
INFO:     Waiting for application shutdown.
INFO:src.infrastructure.mongo_client:MongoDB connection closed.
INFO:     Application shutdown complete.
INFO:     Finished server process [5121]
/Users/sumatidhingra/aarambooks/.venv/lib/python3.11/site-packages/pydantic/_internal/_fields.py:149: UserWarning: Field "model_used" has conflict with protected namespace "model_".

You may be able to resolve this warning by setting `model_config['protected_namespaces'] = ()`.
  warnings.warn(
WARNING:src.azm.provider:AZM persistent provider unavailable (psycopg2 is required to connect to PostgreSQL. Please install psycopg2 or psycopg2-binary.). Falling back to bootstrap.
INFO:     Started server process [5143]
INFO:     Waiting for application startup.
INFO:src.infrastructure.mongo_client:Connecting to MongoDB at mongodb://localhost:27017...
INFO:src.infrastructure.mongo_client:MongoDB connection established successfully.
INFO:     Application startup complete.
WARNING:  WatchFiles detected changes in 'src/brain_core/context_engine/ccc_builder.py'. Reloading...
INFO:     Shutting down
INFO:     Waiting for application shutdown.
INFO:src.infrastructure.mongo_client:MongoDB connection closed.
INFO:     Application shutdown complete.
INFO:     Finished server process [5143]
/Users/sumatidhingra/aarambooks/.venv/lib/python3.11/site-packages/pydantic/_internal/_fields.py:149: UserWarning: Field "model_used" has conflict with protected namespace "model_".

You may be able to resolve this warning by setting `model_config['protected_namespaces'] = ()`.
  warnings.warn(
WARNING:src.azm.provider:AZM persistent provider unavailable (psycopg2 is required to connect to PostgreSQL. Please install psycopg2 or psycopg2-binary.). Falling back to bootstrap.
INFO:     Started server process [5163]
INFO:     Waiting for application startup.
INFO:src.infrastructure.mongo_client:Connecting to MongoDB at mongodb://localhost:27017...
INFO:src.infrastructure.mongo_client:MongoDB connection established successfully.
INFO:     Application startup complete.
WARNING:  WatchFiles detected changes in 'src/api/webhooks/exotel_webhooks.py'. Reloading...
INFO:     Shutting down
INFO:     Waiting for application shutdown.
INFO:src.infrastructure.mongo_client:MongoDB connection closed.
INFO:     Application shutdown complete.
INFO:     Finished server process [5163]
/Users/sumatidhingra/aarambooks/.venv/lib/python3.11/site-packages/pydantic/_internal/_fields.py:149: UserWarning: Field "model_used" has conflict with protected namespace "model_".

You may be able to resolve this warning by setting `model_config['protected_namespaces'] = ()`.
  warnings.warn(
WARNING:src.azm.provider:AZM persistent provider unavailable (psycopg2 is required to connect to PostgreSQL. Please install psycopg2 or psycopg2-binary.). Falling back to bootstrap.
INFO:     Started server process [5179]
INFO:     Waiting for application startup.
INFO:src.infrastructure.mongo_client:Connecting to MongoDB at mongodb://localhost:27017...
INFO:src.infrastructure.mongo_client:MongoDB connection established successfully.
INFO:     Application startup complete.
WARNING:  WatchFiles detected changes in 'scratch/zero_loss_verify.py'. Reloading...
INFO:     Shutting down
INFO:     Waiting for application shutdown.
INFO:src.infrastructure.mongo_client:MongoDB connection closed.
INFO:     Application shutdown complete.
INFO:     Finished server process [5179]
/Users/sumatidhingra/aarambooks/.venv/lib/python3.11/site-packages/pydantic/_internal/_fields.py:149: UserWarning: Field "model_used" has conflict with protected namespace "model_".

You may be able to resolve this warning by setting `model_config['protected_namespaces'] = ()`.
  warnings.warn(
WARNING:src.azm.provider:AZM persistent provider unavailable (psycopg2 is required to connect to PostgreSQL. Please install psycopg2 or psycopg2-binary.). Falling back to bootstrap.
INFO:     Started server process [5196]
INFO:     Waiting for application startup.
INFO:src.infrastructure.mongo_client:Connecting to MongoDB at mongodb://localhost:27017...
INFO:src.infrastructure.mongo_client:MongoDB connection established successfully.
INFO:     Application startup complete.
[ExotelAuthFailed:BadToken] path=/api/customer-engagement/voice/exotel/session-start headers={'host': 'crave-unlocked-legend.ngrok-free.dev', 'user-agent': 'Apache-HttpClient/5.4.3 (Java/21.0.12)', 'content-length': '543', 'accept': 'text/plain, application/json, application/yaml, application/*+json, */*', 'accept-encoding': 'gzip, x-gzip, deflate', 'authorization': 'Bearer ******uqYI', 'content-type': 'application/json', 'traceparent': '00-eb41927a511934471ea283ed9d35fd0e-c7c1301dde460cae-01', 'x-forwarded-for': '35.154.174.161', 'x-forwarded-host': 'crave-unlocked-legend.ngrok-free.dev', 'x-forwarded-proto': 'https'}
INFO:     35.154.174.161:0 - "POST /api/customer-engagement/voice/exotel/session-start HTTP/1.1" 401 Unauthorized
[ExotelAuthFailed:BadToken] path=/api/customer-engagement/voice/exotel/session-start headers={'host': 'crave-unlocked-legend.ngrok-free.dev', 'user-agent': 'Apache-HttpClient/5.4.3 (Java/21.0.12)', 'content-length': '543', 'accept': 'text/plain, application/json, application/yaml, application/*+json, */*', 'accept-encoding': 'gzip, x-gzip, deflate', 'authorization': 'Bearer ******uqYI', 'content-type': 'application/json', 'traceparent': '00-77f0f19b73e101fb74fa1ec7d8988b03-29e57adf44143394-01', 'x-forwarded-for': '35.154.174.161', 'x-forwarded-host': 'crave-unlocked-legend.ngrok-free.dev', 'x-forwarded-proto': 'https'}
INFO:     35.154.174.161:0 - "POST /api/customer-engagement/voice/exotel/session-start HTTP/1.1" 401 Unauthorized
[ExotelSessionStart] payload={'account_id': 'aaramhomes1', 'session_id': 'test_sess_1788795877565', 'conversation_id': 'test_conv_1788795877565', 'start_time': '2026-09-07T15:44:37.565845649Z', 'external_id': 'test_ext_1788795877565', 'session_state': 'session_start', 'contact_uri': 'test_contact_1788795877565', 'landing_number': '1234567890', 'network_type': 'pstn', 'bot_id': 'ba6e0717-e908-4a3d-8244-82f2ab42918e', 'bot_name': 'SUNEHRI', 'metadata': {'call_sid': 'test_call_1788795877565', 'stream_sid': 'test_stream_1788795877565'}, 'trigger_reason': 'start', 'custom_parameters': {}, 'events': []} query={}
INFO:     35.154.174.161:0 - "POST /api/customer-engagement/voice/exotel/session-start HTTP/1.1" 200 OK
INFO:     35.154.174.161:0 - "POST /api/customer-engagement/voice/exotel/transcript HTTP/1.1" 200 OK
INFO:     35.154.174.161:0 - "POST /api/customer-engagement/voice/exotel/pre-agent-transfer HTTP/1.1" 200 OK
INFO:     35.154.174.161:0 - "POST /api/customer-engagement/voice/exotel/session-end HTTP/1.1" 200 OK
WARNING:  WatchFiles detected changes in 'src/api/webhooks/exotel_webhooks.py'. Reloading...
INFO:     Shutting down
INFO:     Waiting for application shutdown.
INFO:src.infrastructure.mongo_client:MongoDB connection closed.
INFO:     Application shutdown complete.
INFO:     Finished server process [5196]
/Users/sumatidhingra/aarambooks/.venv/lib/python3.11/site-packages/pydantic/_internal/_fields.py:149: UserWarning: Field "model_used" has conflict with protected namespace "model_".

You may be able to resolve this warning by setting `model_config['protected_namespaces'] = ()`.
  warnings.warn(
WARNING:src.azm.provider:AZM persistent provider unavailable (psycopg2 is required to connect to PostgreSQL. Please install psycopg2 or psycopg2-binary.). Falling back to bootstrap.
INFO:     Started server process [7712]
INFO:     Waiting for application startup.
INFO:src.infrastructure.mongo_client:Connecting to MongoDB at mongodb://localhost:27017...
INFO:src.infrastructure.mongo_client:MongoDB connection established successfully.
INFO:     Application startup complete.
[RESOLVER DEBUG] Eval urn:aarambooks:inventory:capability:balance with {'inventory.entity.sku', 'inventory.capability.balance', 'inventory.entity.warehouse'} vs set()
[RESOLVER DEBUG] Eval types {'ENTITY', 'CAPABILITY'} vs {'ENTITY'}
[RESOLVER DEBUG] Eval urn:aarambooks:inventory:capability:ledger with {'inventory.entity.sku', 'inventory.entity.posting_date'} vs set()
[RESOLVER DEBUG] Eval types {'ENTITY', 'CAPABILITY'} vs {'ENTITY'}
[RESOLVER DEBUG] Eval urn:aarambooks:inventory:capability:jobwork_status with {'inventory.entity.sku', 'inventory.entity.jobwork_vendor'} vs set()
[RESOLVER DEBUG] Eval types {'ENTITY', 'CAPABILITY'} vs {'ENTITY'}
[RESOLVER DEBUG] Eval urn:aarambooks:inventory:capability:exception_status with {'inventory.entity.sku', 'inventory.entity.exception_date'} vs set()
[RESOLVER DEBUG] Eval types {'ENTITY', 'CAPABILITY'} vs {'ENTITY'}
[RESOLVER DEBUG] Eval urn:aarambooks:shopdeck:capability:ndr_details with {'shopdeck.entity.shipment', 'ndr.entity.awb', 'shopdeck.event.delivery_exception'} vs set()
[RESOLVER DEBUG] Eval types {'ENTITY'} vs {'ENTITY'}

[ASSEMBLER DEBUG] Resolved provider <src.infrastructure.context_capability_gateway.ContextCapabilityGateway object at 0x1082b8ed0> for urn:aarambooks:inventory:capability:balance

[GATEWAY DEBUG] Sending to http://localhost:8100/api/v1/context/resolve with payload: {"capability_urn": "urn:aarambooks:inventory:capability:balance", "requirement": {"requirement_id": "49ca54c1-caf0-48f9-9969-ab1422040da1", "original_requirement": {"requirement_id": "49ca54c1-caf0-48f9-9969-ab1422040da1", "necessity": "REQUIRED", "time_range": null, "filters": null, "rationale": "Required for NDR event processing and contextual routing.", "semantic_intent": "Fetch NDR and ShopDeck details for AWB 370909749714"}, "core_identities": [], "semantic_constraints": [{"identity": "ndr.entity.awb", "constraint_type": "ENTITY", "operator": "EQUALS", "bound_value": null}], "semantic_gaps": []}}
INFO:httpx:HTTP Request: POST http://localhost:8100/api/v1/context/resolve "HTTP/1.1 401 Unauthorized"
[GATEWAY DEBUG] Received status 401: {"success":false,"error":{"code":"UNAUTHORIZED","message":"Invalid or expired token","details":{}}}

[GATEWAY DEBUG] Returning ERROR due to HTTP 401
[ASSEMBLER DEBUG] Result status: ContextRetrievalStatus.ERROR

[ASSEMBLER DEBUG] Resolved provider <src.infrastructure.context_capability_gateway.ContextCapabilityGateway object at 0x1082b8ed0> for urn:aarambooks:inventory:capability:ledger

[GATEWAY DEBUG] Sending to http://localhost:8100/api/v1/context/resolve with payload: {"capability_urn": "urn:aarambooks:inventory:capability:ledger", "requirement": {"requirement_id": "49ca54c1-caf0-48f9-9969-ab1422040da1", "original_requirement": {"requirement_id": "49ca54c1-caf0-48f9-9969-ab1422040da1", "necessity": "REQUIRED", "time_range": null, "filters": null, "rationale": "Required for NDR event processing and contextual routing.", "semantic_intent": "Fetch NDR and ShopDeck details for AWB 370909749714"}, "core_identities": [], "semantic_constraints": [{"identity": "ndr.entity.awb", "constraint_type": "ENTITY", "operator": "EQUALS", "bound_value": null}], "semantic_gaps": []}}
INFO:httpx:HTTP Request: POST http://localhost:8100/api/v1/context/resolve "HTTP/1.1 401 Unauthorized"
[GATEWAY DEBUG] Received status 401: {"success":false,"error":{"code":"UNAUTHORIZED","message":"Invalid or expired token","details":{}}}

[GATEWAY DEBUG] Returning ERROR due to HTTP 401
[ASSEMBLER DEBUG] Result status: ContextRetrievalStatus.ERROR

[ASSEMBLER DEBUG] Resolved provider <src.infrastructure.context_capability_gateway.ContextCapabilityGateway object at 0x1082b8ed0> for urn:aarambooks:inventory:capability:jobwork_status

[GATEWAY DEBUG] Sending to http://localhost:8100/api/v1/context/resolve with payload: {"capability_urn": "urn:aarambooks:inventory:capability:jobwork_status", "requirement": {"requirement_id": "49ca54c1-caf0-48f9-9969-ab1422040da1", "original_requirement": {"requirement_id": "49ca54c1-caf0-48f9-9969-ab1422040da1", "necessity": "REQUIRED", "time_range": null, "filters": null, "rationale": "Required for NDR event processing and contextual routing.", "semantic_intent": "Fetch NDR and ShopDeck details for AWB 370909749714"}, "core_identities": [], "semantic_constraints": [{"identity": "ndr.entity.awb", "constraint_type": "ENTITY", "operator": "EQUALS", "bound_value": null}], "semantic_gaps": []}}
INFO:httpx:HTTP Request: POST http://localhost:8100/api/v1/context/resolve "HTTP/1.1 401 Unauthorized"
[GATEWAY DEBUG] Received status 401: {"success":false,"error":{"code":"UNAUTHORIZED","message":"Invalid or expired token","details":{}}}

[GATEWAY DEBUG] Returning ERROR due to HTTP 401
[ASSEMBLER DEBUG] Result status: ContextRetrievalStatus.ERROR

[ASSEMBLER DEBUG] Resolved provider <src.infrastructure.context_capability_gateway.ContextCapabilityGateway object at 0x1082b8ed0> for urn:aarambooks:inventory:capability:exception_status

[GATEWAY DEBUG] Sending to http://localhost:8100/api/v1/context/resolve with payload: {"capability_urn": "urn:aarambooks:inventory:capability:exception_status", "requirement": {"requirement_id": "49ca54c1-caf0-48f9-9969-ab1422040da1", "original_requirement": {"requirement_id": "49ca54c1-caf0-48f9-9969-ab1422040da1", "necessity": "REQUIRED", "time_range": null, "filters": null, "rationale": "Required for NDR event processing and contextual routing.", "semantic_intent": "Fetch NDR and ShopDeck details for AWB 370909749714"}, "core_identities": [], "semantic_constraints": [{"identity": "ndr.entity.awb", "constraint_type": "ENTITY", "operator": "EQUALS", "bound_value": null}], "semantic_gaps": []}}
INFO:httpx:HTTP Request: POST http://localhost:8100/api/v1/context/resolve "HTTP/1.1 401 Unauthorized"
[GATEWAY DEBUG] Received status 401: {"success":false,"error":{"code":"UNAUTHORIZED","message":"Invalid or expired token","details":{}}}

[GATEWAY DEBUG] Returning ERROR due to HTTP 401
[ASSEMBLER DEBUG] Result status: ContextRetrievalStatus.ERROR

[ASSEMBLER DEBUG] Resolved provider <src.infrastructure.adapters.shopdeck_cem_adapter.ShopdeckCemAdapter object at 0x108358d90> for urn:aarambooks:shopdeck:capability:ndr_details
INFO:httpx:HTTP Request: POST http://localhost:9000/auth/service-token "HTTP/1.1 200 OK"
DEBUG SHOPDECK CEM EXECUTING for search query Fetch NDR and ShopDeck details for AWB 370909749714
DEBUG SHOPDECK RES STATUS: BusinessRealityStatus.EXECUTION_LIMITATION
DEBUG SHOPDECK LIMITATIONS: [ExecutionLimitation(missing_parameter='network', reason='ShopDeck API network error: ')]
[ASSEMBLER DEBUG] Result status: ContextRetrievalStatus.ERROR
INFO:src.intelligence_domains.ndr.orchestrator:[NDR-ID] AWB 370909749714: ACTIVE NDR — reason='Customer unavailable', attempts=1, payment=cod, courier=Unknown
INFO:src.intelligence_domains.ndr.orchestrator:[NDR-ID] AWB 370909749714: Diagnosed as CUSTOMER_UNAVAILABLE (confidence=0.9)
INFO:src.intelligence_domains.ndr.orchestrator:[NDR-ID] AWB 370909749714: Strategy=Autonomous Rescheduling | Action=seller_reattempt
INFO:src.intelligence_domains.ndr.communication_engine:[CommunicationEngine] Dispatching action for AWB 370909749714: suggested_resolution
ERROR:src.intelligence_domains.ndr.communication_engine:[CommunicationEngine] Failed to hydrate CCC Snapshot: Failed to hydrate CCC. Provider returned status: BusinessRealityStatus.EXECUTION_LIMITATION
ERROR:src.infrastructure.adapters.customer_engagement.executor:Failed to dispatch Exotel call: Customer phone number missing in parameters.
WARNING:  WatchFiles detected changes in 'run_real_ndr_call.py'. Reloading...
INFO:     Shutting down
INFO:     Waiting for application shutdown.
INFO:src.infrastructure.mongo_client:MongoDB connection closed.
INFO:     Application shutdown complete.
INFO:     Finished server process [7712]
DEBUG PAYLOAD: {'ndr.entity.awb': '370909749714'}
DEBUG SHOPDECK CEM EXECUTING for search query Internal CCC Hydration for AWB 370909749714
/Users/sumatidhingra/aarambooks/.venv/lib/python3.11/site-packages/pydantic/_internal/_fields.py:149: UserWarning: Field "model_used" has conflict with protected namespace "model_".

You may be able to resolve this warning by setting `model_config['protected_namespaces'] = ()`.
  warnings.warn(
WARNING:src.azm.provider:AZM persistent provider unavailable (psycopg2 is required to connect to PostgreSQL. Please install psycopg2 or psycopg2-binary.). Falling back to bootstrap.
INFO:     Started server process [7744]
INFO:     Waiting for application startup.
INFO:src.infrastructure.mongo_client:Connecting to MongoDB at mongodb://localhost:27017...
INFO:src.infrastructure.mongo_client:MongoDB connection established successfully.
INFO:     Application startup complete.
[RESOLVER DEBUG] Eval urn:aarambooks:inventory:capability:balance with {'inventory.capability.balance', 'inventory.entity.sku', 'inventory.entity.warehouse'} vs set()
[RESOLVER DEBUG] Eval types {'ENTITY', 'CAPABILITY'} vs {'ENTITY'}
[RESOLVER DEBUG] Eval urn:aarambooks:inventory:capability:ledger with {'inventory.entity.posting_date', 'inventory.entity.sku'} vs set()
[RESOLVER DEBUG] Eval types {'ENTITY', 'CAPABILITY'} vs {'ENTITY'}
[RESOLVER DEBUG] Eval urn:aarambooks:inventory:capability:jobwork_status with {'inventory.entity.sku', 'inventory.entity.jobwork_vendor'} vs set()
[RESOLVER DEBUG] Eval types {'ENTITY', 'CAPABILITY'} vs {'ENTITY'}
[RESOLVER DEBUG] Eval urn:aarambooks:inventory:capability:exception_status with {'inventory.entity.sku', 'inventory.entity.exception_date'} vs set()
[RESOLVER DEBUG] Eval types {'ENTITY', 'CAPABILITY'} vs {'ENTITY'}
[RESOLVER DEBUG] Eval urn:aarambooks:shopdeck:capability:ndr_details with {'ndr.entity.awb', 'shopdeck.event.delivery_exception', 'shopdeck.entity.shipment'} vs set()
[RESOLVER DEBUG] Eval types {'ENTITY'} vs {'ENTITY'}

[ASSEMBLER DEBUG] Resolved provider <src.infrastructure.context_capability_gateway.ContextCapabilityGateway object at 0x107289290> for urn:aarambooks:inventory:capability:balance

[GATEWAY DEBUG] Sending to http://localhost:8100/api/v1/context/resolve with payload: {"capability_urn": "urn:aarambooks:inventory:capability:balance", "requirement": {"requirement_id": "15604948-385c-4d4f-a50c-d385f32a795f", "original_requirement": {"requirement_id": "15604948-385c-4d4f-a50c-d385f32a795f", "necessity": "REQUIRED", "time_range": null, "filters": null, "rationale": "Required for NDR event processing and contextual routing.", "semantic_intent": "Fetch NDR and ShopDeck details for AWB 370909749714"}, "core_identities": [], "semantic_constraints": [{"identity": "ndr.entity.awb", "constraint_type": "ENTITY", "operator": "EQUALS", "bound_value": null}], "semantic_gaps": []}}
INFO:httpx:HTTP Request: POST http://localhost:8100/api/v1/context/resolve "HTTP/1.1 401 Unauthorized"
[GATEWAY DEBUG] Received status 401: {"success":false,"error":{"code":"UNAUTHORIZED","message":"Invalid or expired token","details":{}}}

[GATEWAY DEBUG] Returning ERROR due to HTTP 401
[ASSEMBLER DEBUG] Result status: ContextRetrievalStatus.ERROR

[ASSEMBLER DEBUG] Resolved provider <src.infrastructure.context_capability_gateway.ContextCapabilityGateway object at 0x107289290> for urn:aarambooks:inventory:capability:ledger

[GATEWAY DEBUG] Sending to http://localhost:8100/api/v1/context/resolve with payload: {"capability_urn": "urn:aarambooks:inventory:capability:ledger", "requirement": {"requirement_id": "15604948-385c-4d4f-a50c-d385f32a795f", "original_requirement": {"requirement_id": "15604948-385c-4d4f-a50c-d385f32a795f", "necessity": "REQUIRED", "time_range": null, "filters": null, "rationale": "Required for NDR event processing and contextual routing.", "semantic_intent": "Fetch NDR and ShopDeck details for AWB 370909749714"}, "core_identities": [], "semantic_constraints": [{"identity": "ndr.entity.awb", "constraint_type": "ENTITY", "operator": "EQUALS", "bound_value": null}], "semantic_gaps": []}}
INFO:httpx:HTTP Request: POST http://localhost:8100/api/v1/context/resolve "HTTP/1.1 401 Unauthorized"
[GATEWAY DEBUG] Received status 401: {"success":false,"error":{"code":"UNAUTHORIZED","message":"Invalid or expired token","details":{}}}

[GATEWAY DEBUG] Returning ERROR due to HTTP 401
[ASSEMBLER DEBUG] Result status: ContextRetrievalStatus.ERROR

[ASSEMBLER DEBUG] Resolved provider <src.infrastructure.context_capability_gateway.ContextCapabilityGateway object at 0x107289290> for urn:aarambooks:inventory:capability:jobwork_status

[GATEWAY DEBUG] Sending to http://localhost:8100/api/v1/context/resolve with payload: {"capability_urn": "urn:aarambooks:inventory:capability:jobwork_status", "requirement": {"requirement_id": "15604948-385c-4d4f-a50c-d385f32a795f", "original_requirement": {"requirement_id": "15604948-385c-4d4f-a50c-d385f32a795f", "necessity": "REQUIRED", "time_range": null, "filters": null, "rationale": "Required for NDR event processing and contextual routing.", "semantic_intent": "Fetch NDR and ShopDeck details for AWB 370909749714"}, "core_identities": [], "semantic_constraints": [{"identity": "ndr.entity.awb", "constraint_type": "ENTITY", "operator": "EQUALS", "bound_value": null}], "semantic_gaps": []}}
INFO:httpx:HTTP Request: POST http://localhost:8100/api/v1/context/resolve "HTTP/1.1 401 Unauthorized"
[GATEWAY DEBUG] Received status 401: {"success":false,"error":{"code":"UNAUTHORIZED","message":"Invalid or expired token","details":{}}}

[GATEWAY DEBUG] Returning ERROR due to HTTP 401
[ASSEMBLER DEBUG] Result status: ContextRetrievalStatus.ERROR

[ASSEMBLER DEBUG] Resolved provider <src.infrastructure.context_capability_gateway.ContextCapabilityGateway object at 0x107289290> for urn:aarambooks:inventory:capability:exception_status

[GATEWAY DEBUG] Sending to http://localhost:8100/api/v1/context/resolve with payload: {"capability_urn": "urn:aarambooks:inventory:capability:exception_status", "requirement": {"requirement_id": "15604948-385c-4d4f-a50c-d385f32a795f", "original_requirement": {"requirement_id": "15604948-385c-4d4f-a50c-d385f32a795f", "necessity": "REQUIRED", "time_range": null, "filters": null, "rationale": "Required for NDR event processing and contextual routing.", "semantic_intent": "Fetch NDR and ShopDeck details for AWB 370909749714"}, "core_identities": [], "semantic_constraints": [{"identity": "ndr.entity.awb", "constraint_type": "ENTITY", "operator": "EQUALS", "bound_value": null}], "semantic_gaps": []}}
INFO:httpx:HTTP Request: POST http://localhost:8100/api/v1/context/resolve "HTTP/1.1 401 Unauthorized"
[GATEWAY DEBUG] Received status 401: {"success":false,"error":{"code":"UNAUTHORIZED","message":"Invalid or expired token","details":{}}}

[GATEWAY DEBUG] Returning ERROR due to HTTP 401
[ASSEMBLER DEBUG] Result status: ContextRetrievalStatus.ERROR

[ASSEMBLER DEBUG] Resolved provider <src.infrastructure.adapters.shopdeck_cem_adapter.ShopdeckCemAdapter object at 0x1184715d0> for urn:aarambooks:shopdeck:capability:ndr_details
INFO:httpx:HTTP Request: POST http://localhost:9000/auth/service-token "HTTP/1.1 200 OK"
DEBUG SHOPDECK CEM EXECUTING for search query Fetch NDR and ShopDeck details for AWB 370909749714
DEBUG SHOPDECK RES STATUS: BusinessRealityStatus.EXECUTION_LIMITATION
DEBUG SHOPDECK LIMITATIONS: [ExecutionLimitation(missing_parameter='network', reason='ShopDeck API network error: ')]
[ASSEMBLER DEBUG] Result status: ContextRetrievalStatus.ERROR
INFO:src.intelligence_domains.ndr.orchestrator:[NDR-ID] AWB 370909749714: ACTIVE NDR — reason='Customer unavailable', attempts=1, payment=cod, courier=Unknown
INFO:src.intelligence_domains.ndr.orchestrator:[NDR-ID] AWB 370909749714: Diagnosed as CUSTOMER_UNAVAILABLE (confidence=0.9)
INFO:src.intelligence_domains.ndr.orchestrator:[NDR-ID] AWB 370909749714: Strategy=Autonomous Rescheduling | Action=seller_reattempt
INFO:src.intelligence_domains.ndr.communication_engine:[CommunicationEngine] Dispatching action for AWB 370909749714: suggested_resolution
ERROR:src.intelligence_domains.ndr.communication_engine:[CommunicationEngine] Failed to hydrate CCC Snapshot: Failed to hydrate CCC. Provider returned status: BusinessRealityStatus.EXECUTION_LIMITATION
ERROR:src.infrastructure.adapters.customer_engagement.executor:Failed to dispatch Exotel call: Customer phone number missing in parameters.
INFO:     Shutting down
INFO:     Waiting for application shutdown.
INFO:src.infrastructure.mongo_client:MongoDB connection closed.
INFO:     Application shutdown complete.
INFO:     Finished server process [7744]
DEBUG PAYLOAD: {'ndr.entity.awb': '370909749714'}
DEBUG SHOPDECK CEM EXECUTING for search query Internal CCC Hydration for AWB 370909749714
INFO:     Stopping reloader process [96780]
